// Jest Snapshot v1, https://goo.gl/fbAQLP

exports[`Render BasketRemoveItemModal 1`] = `
<DocumentFragment>
  <div
    class="modal is-active"
  >
    <div
      class="modal__wrapper"
    >
      <div
        class="modal__overlay"
      />
      <div
        class="modal__content"
      >
        <p
          class="title title--h4"
        >
          Удалить этот товар?
        </p>
        <div
          class="basket-item basket-item--short"
        >
          <div
            class="basket-item__img"
          >
            <picture>
              <source
                srcset="img/content/img9.webp, img/content/img9@2x.webp 2x"
                type="image/webp"
              />
              <img
                alt="Фотоаппарат «Орлёнок»"
                height="120"
                src="img/content/img9.jpg"
                srcset="img/content/img9@2x.jpg 2x"
                width="140"
              />
            </picture>
          </div>
          <div
            class="basket-item__description"
          >
            <p
              class="basket-item__title"
            >
              Фотоаппарат «Орлёнок»
            </p>
            <ul
              class="basket-item__list"
            >
              <li
                class="basket-item__list-item"
              >
                <span
                  class="basket-item__article"
                >
                  Артикул:
                </span>
                 
                <span
                  class="basket-item__number"
                >
                  O78DFGSD832
                </span>
              </li>
              <li
                class="basket-item__list-item"
              >
                Плёночная фотокамера
              </li>
              <li
                class="basket-item__list-item"
              >
                Любительский уровень
              </li>
            </ul>
          </div>
        </div>
        <div
          class="modal__buttons"
        >
          <button
            class="btn btn--purple modal__btn modal__btn--half-width"
            type="button"
          >
            Удалить
          </button>
          <a
            class="btn btn--transparent modal__btn modal__btn--half-width"
            href="#!"
          >
            Продолжить покупки
          </a>
        </div>
        <button
          aria-label="Закрыть попап"
          class="cross-btn"
          type="button"
        >
          <svg
            aria-hidden="true"
            height="10"
            width="10"
          >
            <use
              xlink:href="#icon-close"
            />
          </svg>
        </button>
      </div>
    </div>
  </div>
</DocumentFragment>
`;
