// Jest Snapshot v1, https://goo.gl/fbAQLP

exports[`IconsSVG renders correctly 1`] = `[Function]`;
