// Jest Snapshot v1, https://goo.gl/fbAQLP

exports[`Render Breadcrumbs 1`] = `
<DocumentFragment>
  <div
    class="breadcrumbs"
  >
    <div
      class="container"
    >
      <ul
        class="breadcrumbs__list"
      >
        <li
          class="breadcrumbs__item"
        >
          <a
            class="breadcrumbs__link"
            href="/"
          >
            Главная
            <svg
              aria-hidden="true"
              height="8"
              width="5"
            >
              <use
                xlink:href="#icon-arrow-mini"
              />
            </svg>
          </a>
        </li>
        <li
          class="breadcrumbs__item"
        >
          <span
            class="breadcrumbs__link breadcrumbs__link--active"
          >
            Главная
          </span>
        </li>
      </ul>
    </div>
  </div>
</DocumentFragment>
`;
