// Jest Snapshot v1, https://goo.gl/fbAQLP

exports[`Page-Not-Found renders correctly 1`] = `[Function]`;
