// Jest Snapshot v1, https://goo.gl/fbAQLP

exports[`Basket renders correctly 1`] = `[Function]`;
